../Src/main.c:4:6:system_clk	4	static
../Src/main.c:20:6:SysTick_init	4	static
../Src/main.c:28:6:delay_ms	16	static
../Src/main.c:41:6:ADC_init	8	static
../Src/main.c:85:6:DMA_Config	4	static
../Src/main.c:102:6:USART_PinConfig	4	static
../Src/main.c:116:6:USART_BaudRate	4	static
../Src/main.c:120:6:USART_Init	8	static
../Src/main.c:133:6:USART_TransmitByte	16	static
../Src/main.c:139:6:USART_NewLine	8	static
../Src/main.c:143:6:USART_TransmitNumber	24	static
../Src/main.c:163:5:main	8	static
