../Src/main.c:4:6:system_clk	4	static
../Src/main.c:20:6:SysTick_init	4	static
../Src/main.c:28:6:delay_ms	16	static
../Src/main.c:41:6:USART_PinConfig	4	static
../Src/main.c:55:6:USART_BaudRate	4	static
../Src/main.c:59:6:USART_Init	8	static
../Src/main.c:72:6:USART_TransmitByte	16	static
../Src/main.c:78:6:USART_NewLine	8	static
../Src/main.c:82:5:USART_TransmitNumber	24	static
../Src/main.c:103:6:ADC_init	8	static
../Src/main.c:130:5:ADC_Read	4	static
../Src/main.c:138:5:main	8	static
