21:45:10 **** Incremental Build of configuration Debug for project 6.UART_Basic ****
make -j8 all 
arm-none-eabi-gcc "../Src/main.c" -mcpu=cortex-m3 -std=gnu11 -g3 -DDEBUG -DSTM32 -DSTM32F1 -DSTM32F103C8Tx -c -I../Inc -O0 -ffunction-sections -fdata-sections -Wall -fstack-usage -MMD -MP -MF"Src/main.d" -MT"Src/main.o" --specs=nano.specs -mfloat-abi=soft -mthumb -o "Src/main.o"
arm-none-eabi-gcc -o "6.UART_Basic.elf" @"objects.list"   -mcpu=cortex-m3 -T"D:\STM32 learning\6.UART_Basic\STM32F103C8TX_FLASH.ld" --specs=nosys.specs -Wl,-Map="6.UART_Basic.map" -Wl,--gc-sections -static --specs=nano.specs -mfloat-abi=soft -mthumb -Wl,--start-group -lc -lm -Wl,--end-group
Finished building target: 6.UART_Basic.elf
 
arm-none-eabi-size   6.UART_Basic.elf 
arm-none-eabi-objdump -h -S  6.UART_Basic.elf  > "6.UART_Basic.list"
   text	   data	    bss	    dec	    hex	filename
    564	      8	   1568	   2140	    85c	6.UART_Basic.elf
Finished building: default.size.stdout
 
Finished building: 6.UART_Basic.list
 

21:45:11 Build Finished. 0 errors, 0 warnings. (took 637ms)

