16:47:18 **** Incremental Build of configuration Debug for project 14.Multiple_ADC_Values_on_UART ****
make -j8 all 
arm-none-eabi-gcc "../Src/main.c" -mcpu=cortex-m3 -std=gnu11 -g3 -DDEBUG -DSTM32 -DSTM32F1 -DSTM32F103C8Tx -c -I../Inc -O0 -ffunction-sections -fdata-sections -Wall -fstack-usage -MMD -MP -MF"Src/main.d" -MT"Src/main.o" --specs=nano.specs -mfloat-abi=soft -mthumb -o "Src/main.o"
arm-none-eabi-gcc -o "14.Multiple_ADC_Values_on_UART.elf" @"objects.list"   -mcpu=cortex-m3 -T"D:\STM32 learning\14.Multiple_ADC_Values_on_UART\STM32F103C8TX_FLASH.ld" --specs=nosys.specs -Wl,-Map="14.Multiple_ADC_Values_on_UART.map" -Wl,--gc-sections -static --specs=nano.specs -mfloat-abi=soft -mthumb -Wl,--start-group -lc -lm -Wl,--end-group
Finished building target: 14.Multiple_ADC_Values_on_UART.elf
 
arm-none-eabi-size   14.Multiple_ADC_Values_on_UART.elf 
arm-none-eabi-objdump -h -S  14.Multiple_ADC_Values_on_UART.elf  > "14.Multiple_ADC_Values_on_UART.list"
   text	   data	    bss	    dec	    hex	filename
   1892	      8	   1568	   3468	    d8c	14.Multiple_ADC_Values_on_UART.elf
Finished building: default.size.stdout
 
Finished building: 14.Multiple_ADC_Values_on_UART.list
 
21:15:12 **** Incremental Build of configuration Debug for project 14.Multiple_ADC_Values_on_UART ****
make -j8 all 
arm-none-eabi-size   14.Multiple_ADC_Values_on_UART.elf 
   text	   data	    bss	    dec	    hex	filename
   1892	      8	   1568	   3468	    d8c	14.Multiple_ADC_Values_on_UART.elf
Finished building: default.size.stdout
 
