22:06:43 **** Incremental Build of configuration Debug for project LED_Blink ****
make -j8 all 
arm-none-eabi-gcc "../Src/main.c" -mcpu=cortex-m3 -std=gnu11 -g3 -DDEBUG -DSTM32 -DSTM32F1 -DSTM32F103C8Tx -c -I../Inc -O0 -ffunction-sections -fdata-sections -Wall -fstack-usage -MMD -MP -MF"Src/main.d" -MT"Src/main.o" --specs=nano.specs -mfloat-abi=soft -mthumb -o "Src/main.o"
arm-none-eabi-gcc -o "LED_Blink.elf" @"objects.list"   -mcpu=cortex-m3 -T"D:\STM32 learning\LED_Blink\STM32F103C8TX_FLASH.ld" --specs=nosys.specs -Wl,-Map="LED_Blink.map" -Wl,--gc-sections -static --specs=nano.specs -mfloat-abi=soft -mthumb -Wl,--start-group -lc -lm -Wl,--end-group
Finished building target: LED_Blink.elf
 
arm-none-eabi-size   LED_Blink.elf 
arm-none-eabi-objdump -h -S  LED_Blink.elf  > "LED_Blink.list"
   text	   data	    bss	    dec	    hex	filename
    836	      8	   1568	   2412	    96c	LED_Blink.elf
Finished building: default.size.stdout
 
Finished building: LED_Blink.list
 

22:06:44 Build Finished. 0 errors, 0 warnings. (took 651ms)

